<?xml version="1.0" encoding="UTF-8"?>
<testsuites name="jest tests" tests="1" failures="0" errors="0" time="0.925">
  <testsuite name="undefined" errors="0" failures="0" skipped="0" timestamp="2025-10-16T07:57:40" time="0.86" tests="1">
    <testcase classname=" responds with hello" name=" responds with hello" time="0.062">
    </testcase>
  </testsuite>
</testsuites>